// Jest Snapshot v1, https://goo.gl/fbAQLP

exports[`"customPostcss" option should work with a custom instance of PostCSS: css 1`] = `
"a {
  color: black;
}

a {
  color: red;
}

a {
  color: green;
}

a {
  color: blue;
}

.class {
  -x-border-color: blue blue *;
  -x-color: * #fafafa;
}

.class-foo {
  -z-border-color: blue blue *;
  -z-color: * #fafafa;
}

.phone {
  &_title {
    width: 500px;

    @media (max-width: 500px) {
      width: auto;
    }

    body.is_dark & {
      color: white;
    }
  }

  img {
    display: block;
  }
}
"
`;

exports[`"customPostcss" option should work with a custom instance of PostCSS: errors 1`] = `Array []`;

exports[`"customPostcss" option should work with a custom instance of PostCSS: warnings 1`] = `Array []`;
